slots1   medium                 ok   24.2038 framing differs from gold (bytes equal); out.hex framing differs from base (bytes identical)
slots1   fuzz-f000              ok   30.1344 framing differs from gold (bytes equal); out.hex framing differs from base (bytes identical)
slots1   fuzz-f005              ok   26.3566 framing differs from gold (bytes equal); out.hex framing differs from base (bytes identical)
slots1   fuzz-f009              ok   27.0221 framing differs from gold (bytes equal); out.hex framing differs from base (bytes identical)
slots1   fuzz-f011              ok   26.6995 framing differs from gold (bytes equal); out.hex framing differs from base (bytes identical)
slots1   fuzz-f017              ok   25.3588 framing differs from gold (bytes equal); out.hex framing differs from base (bytes identical)
slots1   fuzz-f020              ok   25.6134 framing differs from gold (bytes equal); out.hex framing differs from base (bytes identical)
slots1   fuzz-f025              ok   25.7682 framing differs from gold (bytes equal); out.hex framing differs from base (bytes identical)
slots1   fuzz-f026              ok   25.1659 framing differs from gold (bytes equal); out.hex framing differs from base (bytes identical)
slots1   fuzz-f027              ok   24.1016 framing differs from gold (bytes equal); out.hex framing differs from base (bytes identical)
slots1   fuzz-f030              ok   25.5382 framing differs from gold (bytes equal); out.hex framing differs from base (bytes identical)
slots1   fuzz-f033              ok   24.0742 framing differs from gold (bytes equal); out.hex framing differs from base (bytes identical)
slots1   fuzz-f035              ok   25.8337 framing differs from gold (bytes equal); out.hex framing differs from base (bytes identical)
slots1   fuzz-f037              ok   26.1927 framing differs from gold (bytes equal); out.hex framing differs from base (bytes identical)
slots1   fuzz-f038              ok   25.5031 framing differs from gold (bytes equal); out.hex framing differs from base (bytes identical)
slots1   fuzz-f045              ok   25.3309 framing differs from gold (bytes equal); out.hex framing differs from base (bytes identical)
slots1   fuzz-f048              ok   26.1924 framing differs from gold (bytes equal); out.hex framing differs from base (bytes identical)
slots1   fuzz-f050              ok   25.7572 framing differs from gold (bytes equal); out.hex framing differs from base (bytes identical)
slots1   fuzz-f056              ok   26.4227 framing differs from gold (bytes equal); out.hex framing differs from base (bytes identical)
slots1   fuzz-f059              ok   25.6753 framing differs from gold (bytes equal); out.hex framing differs from base (bytes identical)
slots1   fuzz-f060              ok   22.9587 framing differs from gold (bytes equal); out.hex framing differs from base (bytes identical)
slots1   fuzz-f061              ok   25.5281 framing differs from gold (bytes equal); out.hex framing differs from base (bytes identical)
slots1   fuzz-f064              ok   4.9855 framing differs from gold (bytes equal); out.hex framing differs from base (bytes identical)
slots1   fuzz-f065              ok   24.0916 framing differs from gold (bytes equal); out.hex framing differs from base (bytes identical)
slots1   fuzz-f068              ok   27.2024 framing differs from gold (bytes equal); out.hex framing differs from base (bytes identical)
slots1   fuzz-f069              ok   27.0769 framing differs from gold (bytes equal); out.hex framing differs from base (bytes identical)
slots1   fuzz-f073              ok   25.1189 framing differs from gold (bytes equal); out.hex framing differs from base (bytes identical)
slots1   fuzz-f075              ok   25.0994 framing differs from gold (bytes equal); out.hex framing differs from base (bytes identical)
slots1   fuzz-f076              ok   27.0656 framing differs from gold (bytes equal); out.hex framing differs from base (bytes identical)
slots1   fuzz-f077              ok   26.8412 framing differs from gold (bytes equal); out.hex framing differs from base (bytes identical)
slots1   fuzz-f079              ok   26.5655 framing differs from gold (bytes equal); out.hex framing differs from base (bytes identical)
slots1   fuzz-f080              ok   24.7585 framing differs from gold (bytes equal); out.hex framing differs from base (bytes identical)
slots1   fuzz-f081              ok   24.9290 framing differs from gold (bytes equal); out.hex framing differs from base (bytes identical)
slots1   fuzz-f083              ok   20.9947 framing differs from gold (bytes equal); out.hex framing differs from base (bytes identical)
slots1   fuzz-f085              ok   25.5849 framing differs from gold (bytes equal); out.hex framing differs from base (bytes identical)
slots1   fuzz-f088              ok   25.4986 framing differs from gold (bytes equal); out.hex framing differs from base (bytes identical)
slots1   fuzz-f092              ok   25.1375 framing differs from gold (bytes equal); out.hex framing differs from base (bytes identical)
slots1   fuzz-f096              ok   24.5098 framing differs from gold (bytes equal); out.hex framing differs from base (bytes identical)
slots1   fuzz-f097              ok   24.9792 framing differs from gold (bytes equal); out.hex framing differs from base (bytes identical)
slots1   fuzz-f099              ok   27.2671 framing differs from gold (bytes equal); out.hex framing differs from base (bytes identical)
slots1   fuzz-f102              ok   25.9189 framing differs from gold (bytes equal); out.hex framing differs from base (bytes identical)
slots1   fuzz-f103              ok   26.4012 framing differs from gold (bytes equal); out.hex framing differs from base (bytes identical)
slots1   fuzz-f105              ok   27.1993 framing differs from gold (bytes equal); out.hex framing differs from base (bytes identical)
slots1   fuzz-f107              ok   31.5944 framing differs from gold (bytes equal); out.hex framing differs from base (bytes identical)
slots1   fuzz-f110              ok   24.9892 framing differs from gold (bytes equal); out.hex framing differs from base (bytes identical)
slots1   fuzz-f116              ok   26.5676 framing differs from gold (bytes equal); out.hex framing differs from base (bytes identical)
slots1   fuzz-f119              ok   25.0828 framing differs from gold (bytes equal); out.hex framing differs from base (bytes identical)
slots1   fuzz-f125              ok   24.6132 framing differs from gold (bytes equal); out.hex framing differs from base (bytes identical)
slots1   fuzz-f126              ok   25.6788 framing differs from gold (bytes equal); out.hex framing differs from base (bytes identical)
slots1   fuzz-f127              ok   23.9880 framing differs from gold (bytes equal); out.hex framing differs from base (bytes identical)
slots1   fuzz-f129              ok   25.4030 framing differs from gold (bytes equal); out.hex framing differs from base (bytes identical)
slots1   fuzz-f130              ok   25.4883 framing differs from gold (bytes equal); out.hex framing differs from base (bytes identical)
slots1   fuzz-f131              ok   27.0472 framing differs from gold (bytes equal); out.hex framing differs from base (bytes identical)
slots1   fuzz-f133              ok   26.6285 framing differs from gold (bytes equal); out.hex framing differs from base (bytes identical)
slots1   fuzz-f135              ok   25.0478 framing differs from gold (bytes equal); out.hex framing differs from base (bytes identical)
slots1   fuzz-f136              ok   24.1570 framing differs from gold (bytes equal); out.hex framing differs from base (bytes identical)
slots1   fuzz-f142              ok   26.2538 framing differs from gold (bytes equal); out.hex framing differs from base (bytes identical)
slots1   fuzz-f147              ok   27.3897 framing differs from gold (bytes equal); out.hex framing differs from base (bytes identical)
slots1   fuzz-f151              ok   25.4058 framing differs from gold (bytes equal); out.hex framing differs from base (bytes identical)
slots1   fuzz-f152              ok   24.2688 framing differs from gold (bytes equal); out.hex framing differs from base (bytes identical)
slots1   fuzz-f155              ok   24.8614 framing differs from gold (bytes equal); out.hex framing differs from base (bytes identical)
slots1   fuzz-f156              ok   26.8267 framing differs from gold (bytes equal); out.hex framing differs from base (bytes identical)
slots1   fuzz-f157              ok   31.0405 framing differs from gold (bytes equal); out.hex framing differs from base (bytes identical)
slots1   fuzz-f159              ok   22.7751 framing differs from gold (bytes equal); out.hex framing differs from base (bytes identical)
slots1   fuzz-f161              ok   23.1903 framing differs from gold (bytes equal); out.hex framing differs from base (bytes identical)
slots1   fuzz-f162              ok   22.0859 framing differs from gold (bytes equal); out.hex framing differs from base (bytes identical)
slots1   fuzz-f163              ok   25.3933 framing differs from gold (bytes equal); out.hex framing differs from base (bytes identical)
slots1   fuzz-f166              ok   24.4063 framing differs from gold (bytes equal); out.hex framing differs from base (bytes identical)
slots1   fuzz-f167              ok   25.5272 framing differs from gold (bytes equal); out.hex framing differs from base (bytes identical)
slots1   fuzz-f169              ok   25.6022 framing differs from gold (bytes equal); out.hex framing differs from base (bytes identical)
slots1   fuzz-f171              ok   26.7722 framing differs from gold (bytes equal); out.hex framing differs from base (bytes identical)
slots1   fuzz-f189              ok   23.8680 framing differs from gold (bytes equal); out.hex framing differs from base (bytes identical)
slots1   fuzz-f191              ok   25.6744 framing differs from gold (bytes equal); out.hex framing differs from base (bytes identical)
slots1   fuzz-f196              ok   25.9319 framing differs from gold (bytes equal); out.hex framing differs from base (bytes identical)
slots1   fuzz-f199              ok   26.8375 framing differs from gold (bytes equal); out.hex framing differs from base (bytes identical)
VARIANT slots1: 208/208 ok, 75 with framing notes (1201 s)
cut      medium                 ok   23.0303 framing differs from gold (bytes equal); out.hex framing differs from base (bytes identical)
cut      fuzz-f027              ok   24.5594 framing differs from gold (bytes equal); out.hex framing differs from base (bytes identical)
cut      fuzz-f029              ok   25.7130 framing differs from gold (bytes equal); out.hex framing differs from base (bytes identical)
cut      fuzz-f045              ok   24.8613 framing differs from gold (bytes equal); out.hex framing differs from base (bytes identical)
cut      fuzz-f075              ok   24.8022 framing differs from gold (bytes equal); out.hex framing differs from base (bytes identical)
cut      fuzz-f083              ok   21.9916 framing differs from gold (bytes equal); out.hex framing differs from base (bytes identical)
cut      fuzz-f093              ok   24.7821 framing differs from gold (bytes equal); out.hex framing differs from base (bytes identical)
cut      fuzz-f155              ok   24.9696 framing differs from gold (bytes equal); out.hex framing differs from base (bytes identical)
VARIANT cut: 208/208 ok, 8 with framing notes (1190 s)
VARIANT norep: 208/208 ok, 0 with framing notes (1208 s)
VARIANT st12: 208/208 ok, 0 with framing notes (1006 s)
ALL_PASS
