Copyright 1986-2022 Xilinx, Inc. All Rights Reserved. Copyright 2022-2024 Advanced Micro Devices, Inc. All Rights Reserved.
--------------------------------------------------------------------------------------------------------------------------------------------------
| Tool Version      : Vivado v.2024.2 (lin64) Build 5239630 Fri Nov 08 22:34:34 MST 2024
| Date              : Sun Oct  4 00:59:12 2026
| Host              : hacc-build-02.inf.ethz.ch running 64-bit Ubuntu 22.04.5 LTS
| Command           : report_timing_summary -file reports/timing.log
| Design            : vhsnunzip_unbuffered
| Device            : xcu55c-fsvh2892
| Speed File        : -2L  PRODUCTION 1.30 05-01-2022
| Design State      : Routed
| Temperature Grade : E
--------------------------------------------------------------------------------------------------------------------------------------------------

Timing Summary Report

------------------------------------------------------------------------------------------------
| Timer Settings
| --------------
------------------------------------------------------------------------------------------------

  Enable Multi Corner Analysis               :  Yes
  Enable Pessimism Removal                   :  Yes
  Pessimism Removal Resolution               :  Nearest Common Node
  Enable Input Delay Default Clock           :  No
  Enable Preset / Clear Arcs                 :  No
  Disable Flight Delays                      :  No
  Ignore I/O Paths                           :  No
  Timing Early Launch at Borrowing Latches   :  No
  Borrow Time for Max Delay Exceptions       :  Yes
  Merge Timing Exceptions                    :  Yes
  Inter-SLR Compensation                     :  Conservative

  Corner  Analyze    Analyze    
  Name    Max Paths  Min Paths  
  ------  ---------  ---------  
  Slow    Yes        Yes        
  Fast    Yes        Yes        


------------------------------------------------------------------------------------------------
| Report Methodology
| ------------------
------------------------------------------------------------------------------------------------

No report available as report_methodology has not been run prior. Run report_methodology on the current design for the summary of methodology violations.



check_timing report

Table of Contents
-----------------
1. checking no_clock (0)
2. checking constant_clock (0)
3. checking pulse_width_clock (0)
4. checking unconstrained_internal_endpoints (0)
5. checking no_input_delay (265)
6. checking no_output_delay (266)
7. checking multiple_clock (0)
8. checking generated_clocks (0)
9. checking loops (0)
10. checking partial_input_delay (0)
11. checking partial_output_delay (0)
12. checking latch_loops (0)

1. checking no_clock (0)
------------------------
 There are 0 register/latch pins with no clock.


2. checking constant_clock (0)
------------------------------
 There are 0 register/latch pins with constant_clock.


3. checking pulse_width_clock (0)
---------------------------------
 There are 0 register/latch pins which need pulse_width check


4. checking unconstrained_internal_endpoints (0)
------------------------------------------------
 There are 0 pins that are not constrained for maximum delay.

 There are 0 pins that are not constrained for maximum delay due to constant clock.


5. checking no_input_delay (265)
--------------------------------
 There are 265 input ports with no input delay specified. (HIGH)

 There are 0 input ports with no input delay but user has a false path constraint.


6. checking no_output_delay (266)
---------------------------------
 There are 266 ports with no output delay specified. (HIGH)

 There are 0 ports with no output delay but user has a false path constraint

 There are 0 ports with no output delay but with a timing clock defined on it or propagating through it


7. checking multiple_clock (0)
------------------------------
 There are 0 register/latch pins with multiple clocks.


8. checking generated_clocks (0)
--------------------------------
 There are 0 generated clocks that are not connected to a clock source.


9. checking loops (0)
---------------------
 There are 0 combinational loops in the design.


10. checking partial_input_delay (0)
------------------------------------
 There are 0 input ports with partial input delay specified.


11. checking partial_output_delay (0)
-------------------------------------
 There are 0 ports with partial output delay specified.


12. checking latch_loops (0)
----------------------------
 There are 0 combinational latch loops in the design through latch input



------------------------------------------------------------------------------------------------
| Design Timing Summary
| ---------------------
------------------------------------------------------------------------------------------------

    WNS(ns)      TNS(ns)  TNS Failing Endpoints  TNS Total Endpoints      WHS(ns)      THS(ns)  THS Failing Endpoints  THS Total Endpoints     WPWS(ns)     TPWS(ns)  TPWS Failing Endpoints  TPWS Total Endpoints  
    -------      -------  ---------------------  -------------------      -------      -------  ---------------------  -------------------     --------     --------  ----------------------  --------------------  
      0.029        0.000                      0                64648        0.019        0.000                      0                64648        1.300        0.000                       0                 31910  


All user specified timing constraints are met.


------------------------------------------------------------------------------------------------
| Clock Summary
| -------------
------------------------------------------------------------------------------------------------

Clock  Waveform(ns)         Period(ns)      Frequency(MHz)
-----  ------------         ----------      --------------
clk    {0.000 2.000}        4.000           250.000         


------------------------------------------------------------------------------------------------
| Intra Clock Table
| -----------------
------------------------------------------------------------------------------------------------

Clock             WNS(ns)      TNS(ns)  TNS Failing Endpoints  TNS Total Endpoints      WHS(ns)      THS(ns)  THS Failing Endpoints  THS Total Endpoints     WPWS(ns)     TPWS(ns)  TPWS Failing Endpoints  TPWS Total Endpoints  
-----             -------      -------  ---------------------  -------------------      -------      -------  ---------------------  -------------------     --------     --------  ----------------------  --------------------  
clk                 0.029        0.000                      0                64648        0.019        0.000                      0                64648        1.300        0.000                       0                 31910  


------------------------------------------------------------------------------------------------
| Inter Clock Table
| -----------------
------------------------------------------------------------------------------------------------

From Clock    To Clock          WNS(ns)      TNS(ns)  TNS Failing Endpoints  TNS Total Endpoints      WHS(ns)      THS(ns)  THS Failing Endpoints  THS Total Endpoints  
----------    --------          -------      -------  ---------------------  -------------------      -------      -------  ---------------------  -------------------  


------------------------------------------------------------------------------------------------
| Other Path Groups Table
| -----------------------
------------------------------------------------------------------------------------------------

Path Group    From Clock    To Clock          WNS(ns)      TNS(ns)  TNS Failing Endpoints  TNS Total Endpoints      WHS(ns)      THS(ns)  THS Failing Endpoints  THS Total Endpoints  
----------    ----------    --------          -------      -------  ---------------------  -------------------      -------      -------  ---------------------  -------------------  


------------------------------------------------------------------------------------------------
| Timing Details
| --------------
------------------------------------------------------------------------------------------------


---------------------------------------------------------------------------------------------------
From Clock:  clk
  To Clock:  clk

Setup :            0  Failing Endpoints,  Worst Slack        0.029ns,  Total Violation        0.000ns
Hold  :            0  Failing Endpoints,  Worst Slack        0.019ns,  Total Violation        0.000ns
PW    :            0  Failing Endpoints,  Worst Slack        1.300ns,  Total Violation        0.000ns
---------------------------------------------------------------------------------------------------


Max Delay Paths
--------------------------------------------------------------------------------------
Slack (MET) :             0.029ns  (required time - arrival time)
  Source:                 core_inst/parse_inst/pt_inst/w3_reg[valid]/C
                            (rising edge-triggered cell FDRE clocked by clk  {rise@0.000ns fall@2.000ns period=4.000ns})
  Destination:            core_inst/parse_inst/wf_mem_reg[2][rec][2][len][0]/CE
                            (rising edge-triggered cell FDRE clocked by clk  {rise@0.000ns fall@2.000ns period=4.000ns})
  Path Group:             clk
  Path Type:              Setup (Max at Slow Process Corner)
  Requirement:            4.000ns  (clk rise@4.000ns - clk rise@0.000ns)
  Data Path Delay:        3.866ns  (logic 0.202ns (5.224%)  route 3.664ns (94.776%))
  Logic Levels:           1  (LUT4=1)
  Clock Path Skew:        -0.008ns (DCD - SCD + CPR)
    Destination Clock Delay (DCD):    0.021ns = ( 4.021 - 4.000 ) 
    Source Clock Delay      (SCD):    0.029ns
    Clock Pessimism Removal (CPR):    0.000ns
  Clock Uncertainty:      0.035ns  ((TSJ^2 + TIJ^2)^1/2 + DJ) / 2 + PE
    Total System Jitter     (TSJ):    0.071ns
    Total Input Jitter      (TIJ):    0.000ns
    Discrete Jitter          (DJ):    0.000ns
    Phase Error              (PE):    0.000ns

    Location             Delay type                Incr(ns)  Path(ns)    Netlist Resource(s)
  -------------------------------------------------------------------    -------------------
                         (clock clk rise edge)        0.000     0.000 r  
                                                      0.000     0.000 r  clk (IN)
                         net (fo=31909, unset)        0.029     0.029    core_inst/parse_inst/pt_inst/clk
    SLICE_X136Y458       FDRE                                         r  core_inst/parse_inst/pt_inst/w3_reg[valid]/C
  -------------------------------------------------------------------    -------------------
    SLICE_X136Y458       FDRE (Prop_GFF_SLICEL_C_Q)
                                                      0.079     0.108 r  core_inst/parse_inst/pt_inst/w3_reg[valid]/Q
                         net (fo=15, routed)          0.181     0.289    core_inst/parse_inst/pt_inst/E[0]
    SLICE_X136Y454       LUT4 (Prop_C6LUT_SLICEL_I0_O)
                                                      0.123     0.412 r  core_inst/parse_inst/pt_inst/wf_mem[2][nxt4][15][6]_i_1/O
                         net (fo=100, routed)         3.483     3.895    core_inst/parse_inst/wf_mem[2][epoch]_bufg_place
    SLICE_X229Y344       FDRE                                         r  core_inst/parse_inst/wf_mem_reg[2][rec][2][len][0]/CE
  -------------------------------------------------------------------    -------------------

                         (clock clk rise edge)        4.000     4.000 r  
                                                      0.000     4.000 r  clk (IN)
                         net (fo=31909, unset)        0.021     4.021    core_inst/parse_inst/clk
    SLICE_X229Y344       FDRE                                         r  core_inst/parse_inst/wf_mem_reg[2][rec][2][len][0]/C
                         clock pessimism              0.000     4.021    
                         clock uncertainty           -0.035     3.986    
    SLICE_X229Y344       FDRE (Setup_HFF_SLICEM_C_CE)
                                                     -0.061     3.925    core_inst/parse_inst/wf_mem_reg[2][rec][2][len][0]
  -------------------------------------------------------------------
                         required time                          3.925    
                         arrival time                          -3.895    
  -------------------------------------------------------------------
                         slack                                  0.029    





Min Delay Paths
--------------------------------------------------------------------------------------
Slack (MET) :             0.019ns  (arrival time - required time)
  Source:                 core_inst/parse_inst/walker_inst/p2r_reg[1][off][12]/C
                            (rising edge-triggered cell FDRE clocked by clk  {rise@0.000ns fall@2.000ns period=4.000ns})
  Destination:            core_inst/parse_inst/walker_inst/p3r_reg[1][off][12]/D
                            (rising edge-triggered cell FDRE clocked by clk  {rise@0.000ns fall@2.000ns period=4.000ns})
  Path Group:             clk
  Path Type:              Hold (Min at Fast Process Corner)
  Requirement:            0.000ns  (clk rise@0.000ns - clk rise@0.000ns)
  Data Path Delay:        0.072ns  (logic 0.039ns (54.167%)  route 0.033ns (45.833%))
  Logic Levels:           0  
  Clock Path Skew:        0.006ns (DCD - SCD - CPR)
    Destination Clock Delay (DCD):    0.018ns
    Source Clock Delay      (SCD):    0.012ns
    Clock Pessimism Removal (CPR):    -0.000ns

    Location             Delay type                Incr(ns)  Path(ns)    Netlist Resource(s)
  -------------------------------------------------------------------    -------------------
                         (clock clk rise edge)        0.000     0.000 r  
                                                      0.000     0.000 r  clk (IN)
                         net (fo=31909, unset)        0.012     0.012    core_inst/parse_inst/walker_inst/clk
    SLICE_X173Y466       FDRE                                         r  core_inst/parse_inst/walker_inst/p2r_reg[1][off][12]/C
  -------------------------------------------------------------------    -------------------
    SLICE_X173Y466       FDRE (Prop_DFF_SLICEL_C_Q)
                                                      0.039     0.051 r  core_inst/parse_inst/walker_inst/p2r_reg[1][off][12]/Q
                         net (fo=1, routed)           0.033     0.084    core_inst/parse_inst/walker_inst/p2r_reg[1][off][12]
    SLICE_X173Y466       FDRE                                         r  core_inst/parse_inst/walker_inst/p3r_reg[1][off][12]/D
  -------------------------------------------------------------------    -------------------

                         (clock clk rise edge)        0.000     0.000 r  
                                                      0.000     0.000 r  clk (IN)
                         net (fo=31909, unset)        0.018     0.018    core_inst/parse_inst/walker_inst/clk
    SLICE_X173Y466       FDRE                                         r  core_inst/parse_inst/walker_inst/p3r_reg[1][off][12]/C
                         clock pessimism              0.000     0.018    
    SLICE_X173Y466       FDRE (Hold_CFF2_SLICEL_C_D)
                                                      0.047     0.065    core_inst/parse_inst/walker_inst/p3r_reg[1][off][12]
  -------------------------------------------------------------------
                         required time                         -0.065    
                         arrival time                           0.084    
  -------------------------------------------------------------------
                         slack                                  0.019    





Pulse Width Checks
--------------------------------------------------------------------------------------
Clock Name:         clk
Waveform(ns):       { 0.000 2.000 }
Period(ns):         4.000
Sources:            { clk }

Check Type        Corner  Lib Pin           Reference Pin  Required(ns)  Actual(ns)  Slack(ns)  Location       Pin
Min Period        n/a     URAM288_BASE/CLK  n/a            1.666         4.000       2.334      URAM288_X3Y92  ram_gen[0].ram_inst/uram_gen.uram_inst/CLK
Low Pulse Width   Slow    URAM288_BASE/CLK  n/a            0.700         2.000       1.300      URAM288_X3Y92  ram_gen[0].ram_inst/uram_gen.uram_inst/CLK
High Pulse Width  Slow    URAM288_BASE/CLK  n/a            0.700         2.000       1.300      URAM288_X3Y92  ram_gen[0].ram_inst/uram_gen.uram_inst/CLK



